
level_node
{

	player_spawnpoint
	{
		X = 5
		Y = 8
	}

	tile_info_count = 10

	tile_info[0]
	{
		SpriteFile = content/sprites/world_objects/test_wall.png

		TilePosition
		{
			X = 0
			Y = 1
		}

		Flip = 1
		CollisionType = 0
	}


	tile_info[1]
	{
		SpriteFile = content/sprites/world_objects/spawnpoint.png

		TilePosition
		{
			X = 0
			Y = 2
		}

		Flip = 1
		CollisionType = 0
	}


	tile_info[2]
	{
		SpriteFile = content/sprites/world_objects/tile_wall1.png

		TilePosition
		{
			X = 0
			Y = 3
		}

		Flip = 1
		CollisionType = 0
	}


	tile_info[3]
	{
		SpriteFile = content/sprites/world_objects/test_wall.png

		TilePosition
		{
			X = 0
			Y = 4
		}

		Flip = 1
		CollisionType = 0
	}


	tile_info[4]
	{
		SpriteFile = content/sprites/world_objects/test_wall.png

		TilePosition
		{
			X = 0
			Y = 5
		}

		Flip = 1
		CollisionType = 0
	}


	tile_info[5]
	{
		SpriteFile = content/sprites/world_objects/test_wall.png

		TilePosition
		{
			X = 1
			Y = 6
		}

		Flip = 1
		CollisionType = 0
	}


	tile_info[6]
	{
		SpriteFile = content/sprites/world_objects/test_wall.png

		TilePosition
		{
			X = 2
			Y = 3
		}

		Flip = 1
		CollisionType = 0
	}


	tile_info[7]
	{
		SpriteFile = content/sprites/world_objects/test_wall.png

		TilePosition
		{
			X = 5
			Y = 4
		}

		Flip = 1
		CollisionType = 0
	}


	tile_info[8]
	{
		SpriteFile = content/sprites/world_objects/test_wall.png

		TilePosition
		{
			X = 6
			Y = 4
		}

		Flip = 1
		CollisionType = 0
	}


	tile_info[9]
	{
		SpriteFile = content/sprites/world_objects/tile_wall6.png

		TilePosition
		{
			X = 4
			Y = 13
		}

		Flip = 1
		CollisionType = 1
	}

}

