
level_node
{

	player_spawnpoint
	{
		X = 14
		Y = 4
	}

	tile_info_count = 35

	tile_info[0]
	{
		SpriteFile = content/sprites/world_objects/test_wall.png

		TilePosition
		{
			X = 5
			Y = 3
		}

		Flip = 0
		CollisionType = 0
	}


	tile_info[1]
	{
		SpriteFile = content/sprites/world_objects/test_wall.png

		TilePosition
		{
			X = 6
			Y = 3
		}

		Flip = 0
		CollisionType = 0
	}


	tile_info[2]
	{
		SpriteFile = content/sprites/world_objects/test_wall.png

		TilePosition
		{
			X = 7
			Y = 3
		}

		Flip = 0
		CollisionType = 0
	}


	tile_info[3]
	{
		SpriteFile = content/sprites/world_objects/test_wall.png

		TilePosition
		{
			X = 3
			Y = 4
		}

		Flip = 0
		CollisionType = 0
	}


	tile_info[4]
	{
		SpriteFile = content/sprites/world_objects/test_wall.png

		TilePosition
		{
			X = 4
			Y = 4
		}

		Flip = 0
		CollisionType = 0
	}


	tile_info[5]
	{
		SpriteFile = content/sprites/world_objects/test_wall.png

		TilePosition
		{
			X = 5
			Y = 4
		}

		Flip = 0
		CollisionType = 0
	}


	tile_info[6]
	{
		SpriteFile = content/sprites/world_objects/test_wall.png

		TilePosition
		{
			X = 7
			Y = 4
		}

		Flip = 0
		CollisionType = 0
	}


	tile_info[7]
	{
		SpriteFile = content/sprites/world_objects/test_wall.png

		TilePosition
		{
			X = 8
			Y = 4
		}

		Flip = 0
		CollisionType = 0
	}


	tile_info[8]
	{
		SpriteFile = content/sprites/world_objects/test_wall.png

		TilePosition
		{
			X = 9
			Y = 4
		}

		Flip = 0
		CollisionType = 0
	}


	tile_info[9]
	{
		SpriteFile = content/sprites/world_objects/test_wall.png

		TilePosition
		{
			X = 2
			Y = 5
		}

		Flip = 0
		CollisionType = 0
	}


	tile_info[10]
	{
		SpriteFile = content/sprites/world_objects/test_wall.png

		TilePosition
		{
			X = 3
			Y = 5
		}

		Flip = 0
		CollisionType = 0
	}


	tile_info[11]
	{
		SpriteFile = content/sprites/world_objects/test_wall.png

		TilePosition
		{
			X = 9
			Y = 5
		}

		Flip = 0
		CollisionType = 0
	}


	tile_info[12]
	{
		SpriteFile = content/sprites/world_objects/test_wall.png

		TilePosition
		{
			X = 10
			Y = 5
		}

		Flip = 0
		CollisionType = 0
	}


	tile_info[13]
	{
		SpriteFile = content/sprites/world_objects/test_wall.png

		TilePosition
		{
			X = 1
			Y = 6
		}

		Flip = 0
		CollisionType = 0
	}


	tile_info[14]
	{
		SpriteFile = content/sprites/world_objects/test_wall.png

		TilePosition
		{
			X = 2
			Y = 6
		}

		Flip = 0
		CollisionType = 0
	}


	tile_info[15]
	{
		SpriteFile = content/sprites/world_objects/test_wall.png

		TilePosition
		{
			X = 10
			Y = 6
		}

		Flip = 0
		CollisionType = 0
	}


	tile_info[16]
	{
		SpriteFile = content/sprites/world_objects/test_wall.png

		TilePosition
		{
			X = 1
			Y = 7
		}

		Flip = 0
		CollisionType = 0
	}


	tile_info[17]
	{
		SpriteFile = content/sprites/world_objects/test_wall.png

		TilePosition
		{
			X = 10
			Y = 7
		}

		Flip = 0
		CollisionType = 0
	}


	tile_info[18]
	{
		SpriteFile = content/sprites/world_objects/test_wall.png

		TilePosition
		{
			X = 1
			Y = 8
		}

		Flip = 0
		CollisionType = 0
	}


	tile_info[19]
	{
		SpriteFile = content/sprites/world_objects/test_wall.png

		TilePosition
		{
			X = 10
			Y = 8
		}

		Flip = 0
		CollisionType = 0
	}


	tile_info[20]
	{
		SpriteFile = content/sprites/world_objects/test_wall.png

		TilePosition
		{
			X = 1
			Y = 9
		}

		Flip = 0
		CollisionType = 0
	}


	tile_info[21]
	{
		SpriteFile = content/sprites/world_objects/test_wall.png

		TilePosition
		{
			X = 10
			Y = 9
		}

		Flip = 0
		CollisionType = 0
	}


	tile_info[22]
	{
		SpriteFile = content/sprites/world_objects/test_wall.png

		TilePosition
		{
			X = 1
			Y = 10
		}

		Flip = 0
		CollisionType = 0
	}


	tile_info[23]
	{
		SpriteFile = content/sprites/world_objects/test_wall.png

		TilePosition
		{
			X = 9
			Y = 10
		}

		Flip = 0
		CollisionType = 0
	}


	tile_info[24]
	{
		SpriteFile = content/sprites/world_objects/test_wall.png

		TilePosition
		{
			X = 10
			Y = 10
		}

		Flip = 0
		CollisionType = 0
	}


	tile_info[25]
	{
		SpriteFile = content/sprites/world_objects/test_wall.png

		TilePosition
		{
			X = 2
			Y = 11
		}

		Flip = 0
		CollisionType = 0
	}


	tile_info[26]
	{
		SpriteFile = content/sprites/world_objects/test_wall.png

		TilePosition
		{
			X = 8
			Y = 11
		}

		Flip = 0
		CollisionType = 0
	}


	tile_info[27]
	{
		SpriteFile = content/sprites/world_objects/test_wall.png

		TilePosition
		{
			X = 9
			Y = 11
		}

		Flip = 0
		CollisionType = 0
	}


	tile_info[28]
	{
		SpriteFile = content/sprites/world_objects/test_wall.png

		TilePosition
		{
			X = 2
			Y = 12
		}

		Flip = 0
		CollisionType = 0
	}


	tile_info[29]
	{
		SpriteFile = content/sprites/world_objects/test_wall.png

		TilePosition
		{
			X = 3
			Y = 12
		}

		Flip = 0
		CollisionType = 0
	}


	tile_info[30]
	{
		SpriteFile = content/sprites/world_objects/test_wall.png

		TilePosition
		{
			X = 4
			Y = 12
		}

		Flip = 0
		CollisionType = 0
	}


	tile_info[31]
	{
		SpriteFile = content/sprites/world_objects/test_wall.png

		TilePosition
		{
			X = 5
			Y = 12
		}

		Flip = 0
		CollisionType = 0
	}


	tile_info[32]
	{
		SpriteFile = content/sprites/world_objects/test_wall.png

		TilePosition
		{
			X = 6
			Y = 12
		}

		Flip = 0
		CollisionType = 0
	}


	tile_info[33]
	{
		SpriteFile = content/sprites/world_objects/test_wall.png

		TilePosition
		{
			X = 7
			Y = 12
		}

		Flip = 0
		CollisionType = 0
	}


	tile_info[34]
	{
		SpriteFile = content/sprites/world_objects/test_wall.png

		TilePosition
		{
			X = 8
			Y = 12
		}

		Flip = 0
		CollisionType = 0
	}

}

